// Jest Snapshot v1, https://goo.gl/fbAQLP

exports[`SEO component matches snapshot 1`] = `
<DocumentFragment>
  <title>
    SEO Test
  </title>
  <meta
    content="SEO Test"
    property="og:title"
  />
  <meta
    content="SEO Test"
    name="twitter:title"
  />
  <meta
    content="This is a test description"
    name="description"
  />
  <meta
    content="This is a test description"
    name="twitter:description"
  />
  <meta
    content="This is a test description"
    name="og:description"
  />
  <meta
    content="@reecerose18"
    name="twitter:creator"
  />
  <meta
    content="summary_large_image"
    name="twitter:card"
  />
  <meta
    content="website"
    property="og:type"
  />
</DocumentFragment>
`;
