// Jest Snapshot v1, https://goo.gl/fbAQLP

exports[`Index page matches snapshot 1`] = `
<DocumentFragment>
  <div>
    <header>
      <div
        class="flex h-24 m-3 align-items-center"
      >
        <a
          class="font-bold"
          href="/"
        >
          Reece Rose
        </a>
        <nav
          class="ml-auto"
        >
          <a
            href="mailto:reecerose18@gmail.com"
            rel="noopener noreferrer"
            target="_blank"
          >
            Contact
          </a>
        </nav>
      </div>
    </header>
    <footer>
      <div
        class="box-border flex items-center justify-center h-32 py-5 m-3 mt-20 text-center border-t-2 border-gray-200 w-100"
      >
        <a
          class="font-bold"
          href="/"
        >
          Reece Rose
        </a>
        <nav
          class="ml-auto"
        >
          <ul>
            <li>
              <a
                class="mr-2"
                href="https://github.com/ReeceRose/"
                rel="noopener noreferrer"
                target="_blank"
              >
                <div
                  style="display: inline-block; max-width: 100%; overflow: hidden; position: relative; box-sizing: border-box; margin: 0px;"
                >
                  <div
                    style="box-sizing: border-box; display: block; max-width: 100%;"
                  >
                    <img
                      alt=""
                      aria-hidden="true"
                      role="presentation"
                      src="data:image/svg+xml;base64,PHN2ZyB3aWR0aD0iMjQiIGhlaWdodD0iMjQiIHhtbG5zPSJodHRwOi8vd3d3LnczLm9yZy8yMDAwL3N2ZyIgdmVyc2lvbj0iMS4xIi8+"
                      style="max-width: 100%; display: block; margin: 0px; padding: 0px;"
                    />
                  </div>
                  <img
                    alt="GitHub"
                    decoding="async"
                    src="data:image/gif;base64,R0lGODlhAQABAIAAAAAAAP///yH5BAEAAAAALAAAAAABAAEAAAIBRAA7"
                    style="visibility: hidden; position: absolute; top: 0px; left: 0px; bottom: 0px; right: 0px; box-sizing: border-box; padding: 0px; margin: auto; display: block; width: 0px; height: 0px; min-width: 100%; max-width: 100%; min-height: 100%; max-height: 100%;"
                  />
                </div>
              </a>
              <a
                href="https://www.linkedin.com/in/reece-rose-5b2864116/"
                rel="noopener noreferrer"
                target="_blank"
              >
                <div
                  style="display: inline-block; max-width: 100%; overflow: hidden; position: relative; box-sizing: border-box; margin: 0px;"
                >
                  <div
                    style="box-sizing: border-box; display: block; max-width: 100%;"
                  >
                    <img
                      alt=""
                      aria-hidden="true"
                      role="presentation"
                      src="data:image/svg+xml;base64,PHN2ZyB3aWR0aD0iMjQiIGhlaWdodD0iMjQiIHhtbG5zPSJodHRwOi8vd3d3LnczLm9yZy8yMDAwL3N2ZyIgdmVyc2lvbj0iMS4xIi8+"
                      style="max-width: 100%; display: block; margin: 0px; padding: 0px;"
                    />
                  </div>
                  <img
                    alt="LinkedIn"
                    decoding="async"
                    src="data:image/gif;base64,R0lGODlhAQABAIAAAAAAAP///yH5BAEAAAAALAAAAAABAAEAAAIBRAA7"
                    style="visibility: hidden; position: absolute; top: 0px; left: 0px; bottom: 0px; right: 0px; box-sizing: border-box; padding: 0px; margin: auto; display: block; width: 0px; height: 0px; min-width: 100%; max-width: 100%; min-height: 100%; max-height: 100%;"
                  />
                </div>
              </a>
            </li>
          </ul>
        </nav>
      </div>
    </footer>
  </div>
</DocumentFragment>
`;
