// Jest Snapshot v1, https://goo.gl/fbAQLP

exports[`Index page matches snapshot 1`] = `
<DocumentFragment>
  <div>
    <header>
      <div
        class="flex h-24 m-3 align-items-center"
      >
        <a
          href="/"
        >
          Reece Rose
        </a>
        <nav
          class="ml-auto"
        >
          <a
            href="mailto:reecerose18@gmail.com"
            rel="noopener noreferrer"
            target="_blank"
          >
            Contact
          </a>
        </nav>
      </div>
    </header>
    <footer>
      <div
        class="box-border flex items-center justify-center h-32 py-5 m-3 mt-20 text-center border-t-2 border-gray-200 w-100"
      >
        <a
          href="/"
        >
          Reece Rose
        </a>
        <nav
          class="ml-auto"
        >
          <ul>
            <li>
              <a
                class="mr-2"
                href="https://github.com/ReeceRose/"
                rel="noopener noreferrer"
                target="_blank"
              >
                <img
                  alt="GitHub"
                  data-nimg="1"
                  decoding="async"
                  height="24"
                  loading="lazy"
                  src="/github.svg"
                  srcset="/github.svg 1x, /github.svg 2x"
                  style="color: transparent;"
                  width="24"
                />
              </a>
              <a
                href="https://www.linkedin.com/in/reece-rose-5b2864116/"
                rel="noopener noreferrer"
                target="_blank"
              >
                <img
                  alt="LinkedIn"
                  data-nimg="1"
                  decoding="async"
                  height="24"
                  loading="lazy"
                  src="/linkedin.svg"
                  srcset="/linkedin.svg 1x, /linkedin.svg 2x"
                  style="color: transparent;"
                  width="24"
                />
              </a>
            </li>
          </ul>
        </nav>
      </div>
    </footer>
  </div>
</DocumentFragment>
`;
